Archive member included to satisfy reference by file (symbol)

d:/stm/stm32cubeide_1.4.0/stm32cubeide/plugins/com.st.stm32cube.ide.mcu.externaltools.gnu-tools-for-stm32.7-2018-q2-update.win32_1.4.0.202007081208/tools/bin/../lib/gcc/arm-none-eabi/7.3.1/../../../../arm-none-eabi/lib/thumb/v7e-m/fpv4-sp/hard\libc_nano.a(lib_a-errno.o)
                              Src/syscalls.o (__errno)
d:/stm/stm32cubeide_1.4.0/stm32cubeide/plugins/com.st.stm32cube.ide.mcu.externaltools.gnu-tools-for-stm32.7-2018-q2-update.win32_1.4.0.202007081208/tools/bin/../lib/gcc/arm-none-eabi/7.3.1/../../../../arm-none-eabi/lib/thumb/v7e-m/fpv4-sp/hard\libc_nano.a(lib_a-exit.o)
                              d:/stm/stm32cubeide_1.4.0/stm32cubeide/plugins/com.st.stm32cube.ide.mcu.externaltools.gnu-tools-for-stm32.7-2018-q2-update.win32_1.4.0.202007081208/tools/bin/../lib/gcc/arm-none-eabi/7.3.1/../../../../arm-none-eabi/lib/thumb/v7e-m/fpv4-sp/hard/crt0.o (exit)
d:/stm/stm32cubeide_1.4.0/stm32cubeide/plugins/com.st.stm32cube.ide.mcu.externaltools.gnu-tools-for-stm32.7-2018-q2-update.win32_1.4.0.202007081208/tools/bin/../lib/gcc/arm-none-eabi/7.3.1/../../../../arm-none-eabi/lib/thumb/v7e-m/fpv4-sp/hard\libc_nano.a(lib_a-impure.o)
                              d:/stm/stm32cubeide_1.4.0/stm32cubeide/plugins/com.st.stm32cube.ide.mcu.externaltools.gnu-tools-for-stm32.7-2018-q2-update.win32_1.4.0.202007081208/tools/bin/../lib/gcc/arm-none-eabi/7.3.1/../../../../arm-none-eabi/lib/thumb/v7e-m/fpv4-sp/hard\libc_nano.a(lib_a-exit.o) (_global_impure_ptr)
d:/stm/stm32cubeide_1.4.0/stm32cubeide/plugins/com.st.stm32cube.ide.mcu.externaltools.gnu-tools-for-stm32.7-2018-q2-update.win32_1.4.0.202007081208/tools/bin/../lib/gcc/arm-none-eabi/7.3.1/../../../../arm-none-eabi/lib/thumb/v7e-m/fpv4-sp/hard\libc_nano.a(lib_a-init.o)
                              d:/stm/stm32cubeide_1.4.0/stm32cubeide/plugins/com.st.stm32cube.ide.mcu.externaltools.gnu-tools-for-stm32.7-2018-q2-update.win32_1.4.0.202007081208/tools/bin/../lib/gcc/arm-none-eabi/7.3.1/../../../../arm-none-eabi/lib/thumb/v7e-m/fpv4-sp/hard/crt0.o (__libc_init_array)
d:/stm/stm32cubeide_1.4.0/stm32cubeide/plugins/com.st.stm32cube.ide.mcu.externaltools.gnu-tools-for-stm32.7-2018-q2-update.win32_1.4.0.202007081208/tools/bin/../lib/gcc/arm-none-eabi/7.3.1/../../../../arm-none-eabi/lib/thumb/v7e-m/fpv4-sp/hard\libc_nano.a(lib_a-memset.o)
                              d:/stm/stm32cubeide_1.4.0/stm32cubeide/plugins/com.st.stm32cube.ide.mcu.externaltools.gnu-tools-for-stm32.7-2018-q2-update.win32_1.4.0.202007081208/tools/bin/../lib/gcc/arm-none-eabi/7.3.1/../../../../arm-none-eabi/lib/thumb/v7e-m/fpv4-sp/hard/crt0.o (memset)
d:/stm/stm32cubeide_1.4.0/stm32cubeide/plugins/com.st.stm32cube.ide.mcu.externaltools.gnu-tools-for-stm32.7-2018-q2-update.win32_1.4.0.202007081208/tools/bin/../lib/gcc/arm-none-eabi/7.3.1/../../../../arm-none-eabi/lib/thumb/v7e-m/fpv4-sp/hard\libc_nano.a(lib_a-strlen.o)
                              Src/main.o (strlen)

Allocating common symbols
Common symbol       size              file

akt                 0x4               Src/main.o
saved_time          0x8               Src/main.o
pom                 0x4               Src/main.o

Discarded input sections

 .text          0x0000000000000000        0x0 d:/stm/stm32cubeide_1.4.0/stm32cubeide/plugins/com.st.stm32cube.ide.mcu.externaltools.gnu-tools-for-stm32.7-2018-q2-update.win32_1.4.0.202007081208/tools/bin/../lib/gcc/arm-none-eabi/7.3.1/thumb/v7e-m/fpv4-sp/hard/crti.o
 .data          0x0000000000000000        0x0 d:/stm/stm32cubeide_1.4.0/stm32cubeide/plugins/com.st.stm32cube.ide.mcu.externaltools.gnu-tools-for-stm32.7-2018-q2-update.win32_1.4.0.202007081208/tools/bin/../lib/gcc/arm-none-eabi/7.3.1/thumb/v7e-m/fpv4-sp/hard/crti.o
 .bss           0x0000000000000000        0x0 d:/stm/stm32cubeide_1.4.0/stm32cubeide/plugins/com.st.stm32cube.ide.mcu.externaltools.gnu-tools-for-stm32.7-2018-q2-update.win32_1.4.0.202007081208/tools/bin/../lib/gcc/arm-none-eabi/7.3.1/thumb/v7e-m/fpv4-sp/hard/crti.o
 .data          0x0000000000000000        0x4 d:/stm/stm32cubeide_1.4.0/stm32cubeide/plugins/com.st.stm32cube.ide.mcu.externaltools.gnu-tools-for-stm32.7-2018-q2-update.win32_1.4.0.202007081208/tools/bin/../lib/gcc/arm-none-eabi/7.3.1/thumb/v7e-m/fpv4-sp/hard/crtbegin.o
 .text          0x0000000000000000       0x74 d:/stm/stm32cubeide_1.4.0/stm32cubeide/plugins/com.st.stm32cube.ide.mcu.externaltools.gnu-tools-for-stm32.7-2018-q2-update.win32_1.4.0.202007081208/tools/bin/../lib/gcc/arm-none-eabi/7.3.1/../../../../arm-none-eabi/lib/thumb/v7e-m/fpv4-sp/hard/crt0.o
 .data          0x0000000000000000        0x0 d:/stm/stm32cubeide_1.4.0/stm32cubeide/plugins/com.st.stm32cube.ide.mcu.externaltools.gnu-tools-for-stm32.7-2018-q2-update.win32_1.4.0.202007081208/tools/bin/../lib/gcc/arm-none-eabi/7.3.1/../../../../arm-none-eabi/lib/thumb/v7e-m/fpv4-sp/hard/crt0.o
[...]
Memory Configuration

Name             Origin             Length             Attributes
FLASH            0x0000000008000000 0x0000000000010000 xr
CCMRAM           0x0000000010000000 0x0000000000001000 xrw
RAM              0x0000000020000000 0x0000000000003000 xrw
*default*        0x0000000000000000 0xffffffffffffffff

Linker script and memory map

LOAD d:/stm/stm32cubeide_1.4.0/stm32cubeide/plugins/com.st.stm32cube.ide.mcu.externaltools.gnu-tools-for-stm32.7-2018-q2-update.win32_1.4.0.202007081208/tools/bin/../lib/gcc/arm-none-eabi/7.3.1/thumb/v7e-m/fpv4-sp/hard/crti.o
LOAD d:/stm/stm32cubeide_1.4.0/stm32cubeide/plugins/com.st.stm32cube.ide.mcu.externaltools.gnu-tools-for-stm32.7-2018-q2-update.win32_1.4.0.202007081208/tools/bin/../lib/gcc/arm-none-eabi/7.3.1/thumb/v7e-m/fpv4-sp/hard/crtbegin.o
LOAD d:/stm/stm32cubeide_1.4.0/stm32cubeide/plugins/com.st.stm32cube.ide.mcu.externaltools.gnu-tools-for-stm32.7-2018-q2-update.win32_1.4.0.202007081208/tools/bin/../lib/gcc/arm-none-eabi/7.3.1/../../../../arm-none-eabi/lib/thumb/v7e-m/fpv4-sp/hard/crt0.o
LOAD Drivers/STM32F3xx_HAL_Driver/Src/stm32f3xx_ll_exti.o
LOAD Drivers/STM32F3xx_HAL_Driver/Src/stm32f3xx_ll_gpio.o
LOAD Drivers/STM32F3xx_HAL_Driver/Src/stm32f3xx_ll_rcc.o
LOAD Drivers/STM32F3xx_HAL_Driver/Src/stm32f3xx_ll_tim.o
LOAD Drivers/STM32F3xx_HAL_Driver/Src/stm32f3xx_ll_utils.o
LOAD Src/display.o
LOAD Src/gpio.o
LOAD Src/main.o
LOAD Src/stm32f3xx_it.o
LOAD Src/syscalls.o
LOAD Src/sysmem.o
LOAD Src/system_stm32f3xx.o
LOAD Src/tim.o
LOAD Startup/startup_stm32f303k8tx.o
START GROUP
LOAD d:/stm/stm32cubeide_1.4.0/stm32cubeide/plugins/com.st.stm32cube.ide.mcu.externaltools.gnu-tools-for-stm32.7-2018-q2-update.win32_1.4.0.202007081208/tools/bin/../lib/gcc/arm-none-eabi/7.3.1/../../../../arm-none-eabi/lib/thumb/v7e-m/fpv4-sp/hard\libc_nano.a
LOAD d:/stm/stm32cubeide_1.4.0/stm32cubeide/plugins/com.st.stm32cube.ide.mcu.externaltools.gnu-tools-for-stm32.7-2018-q2-update.win32_1.4.0.202007081208/tools/bin/../lib/gcc/arm-none-eabi/7.3.1/../../../../arm-none-eabi/lib/thumb/v7e-m/fpv4-sp/hard\libm.a
END GROUP
START GROUP
LOAD d:/stm/stm32cubeide_1.4.0/stm32cubeide/plugins/com.st.stm32cube.ide.mcu.externaltools.gnu-tools-for-stm32.7-2018-q2-update.win32_1.4.0.202007081208/tools/bin/../lib/gcc/arm-none-eabi/7.3.1/thumb/v7e-m/fpv4-sp/hard\libgcc.a
LOAD d:/stm/stm32cubeide_1.4.0/stm32cubeide/plugins/com.st.stm32cube.ide.mcu.externaltools.gnu-tools-for-stm32.7-2018-q2-update.win32_1.4.0.202007081208/tools/bin/../lib/gcc/arm-none-eabi/7.3.1/../../../../arm-none-eabi/lib/thumb/v7e-m/fpv4-sp/hard\libc_nano.a
END GROUP
START GROUP
LOAD d:/stm/stm32cubeide_1.4.0/stm32cubeide/plugins/com.st.stm32cube.ide.mcu.externaltools.gnu-tools-for-stm32.7-2018-q2-update.win32_1.4.0.202007081208/tools/bin/../lib/gcc/arm-none-eabi/7.3.1/thumb/v7e-m/fpv4-sp/hard\libgcc.a
LOAD d:/stm/stm32cubeide_1.4.0/stm32cubeide/plugins/com.st.stm32cube.ide.mcu.externaltools.gnu-tools-for-stm32.7-2018-q2-update.win32_1.4.0.202007081208/tools/bin/../lib/gcc/arm-none-eabi/7.3.1/../../../../arm-none-eabi/lib/thumb/v7e-m/fpv4-sp/hard\libc_nano.a
LOAD d:/stm/stm32cubeide_1.4.0/stm32cubeide/plugins/com.st.stm32cube.ide.mcu.externaltools.gnu-tools-for-stm32.7-2018-q2-update.win32_1.4.0.202007081208/tools/bin/../lib/gcc/arm-none-eabi/7.3.1/../../../../arm-none-eabi/lib/thumb/v7e-m/fpv4-sp/hard\libnosys.a
END GROUP
START GROUP
LOAD d:/stm/stm32cubeide_1.4.0/stm32cubeide/plugins/com.st.stm32cube.ide.mcu.externaltools.gnu-tools-for-stm32.7-2018-q2-update.win32_1.4.0.202007081208/tools/bin/../lib/gcc/arm-none-eabi/7.3.1/thumb/v7e-m/fpv4-sp/hard\libgcc.a
LOAD d:/stm/stm32cubeide_1.4.0/stm32cubeide/plugins/com.st.stm32cube.ide.mcu.externaltools.gnu-tools-for-stm32.7-2018-q2-update.win32_1.4.0.202007081208/tools/bin/../lib/gcc/arm-none-eabi/7.3.1/../../../../arm-none-eabi/lib/thumb/v7e-m/fpv4-sp/hard\libc_nano.a
LOAD d:/stm/stm32cubeide_1.4.0/stm32cubeide/plugins/com.st.stm32cube.ide.mcu.externaltools.gnu-tools-for-stm32.7-2018-q2-update.win32_1.4.0.202007081208/tools/bin/../lib/gcc/arm-none-eabi/7.3.1/../../../../arm-none-eabi/lib/thumb/v7e-m/fpv4-sp/hard\libnosys.a
END GROUP
LOAD d:/stm/stm32cubeide_1.4.0/stm32cubeide/plugins/com.st.stm32cube.ide.mcu.externaltools.gnu-tools-for-stm32.7-2018-q2-update.win32_1.4.0.202007081208/tools/bin/../lib/gcc/arm-none-eabi/7.3.1/thumb/v7e-m/fpv4-sp/hard/crtend.o
LOAD d:/stm/stm32cubeide_1.4.0/stm32cubeide/plugins/com.st.stm32cube.ide.mcu.externaltools.gnu-tools-for-stm32.7-2018-q2-update.win32_1.4.0.202007081208/tools/bin/../lib/gcc/arm-none-eabi/7.3.1/thumb/v7e-m/fpv4-sp/hard/crtn.o
                0x0000000020003000                _estack = 0x20003000
                0x0000000000000200                _Min_Heap_Size = 0x200
                0x0000000000000400                _Min_Stack_Size = 0x400

.isr_vector     0x0000000008000000      0x188
                0x0000000008000000                . = ALIGN (0x4)
 *(.isr_vector)
 .isr_vector    0x0000000008000000      0x188 Startup/startup_stm32f303k8tx.o
                0x0000000008000000                g_pfnVectors
                0x0000000008000188                . = ALIGN (0x4)

.text           0x0000000008000188     0x22e8
                0x0000000008000188                . = ALIGN (0x4)
 *(.text)
 .text          0x0000000008000188       0x40 d:/stm/stm32cubeide_1.4.0/stm32cubeide/plugins/com.st.stm32cube.ide.mcu.externaltools.gnu-tools-for-stm32.7-2018-q2-update.win32_1.4.0.202007081208/tools/bin/../lib/gcc/arm-none-eabi/7.3.1/thumb/v7e-m/fpv4-sp/hard/crtbegin.o
 .text          0x00000000080001c8       0x10 d:/stm/stm32cubeide_1.4.0/stm32cubeide/plugins/com.st.stm32cube.ide.mcu.externaltools.gnu-tools-for-stm32.7-2018-q2-update.win32_1.4.0.202007081208/tools/bin/../lib/gcc/arm-none-eabi/7.3.1/../../../../arm-none-eabi/lib/thumb/v7e-m/fpv4-sp/hard\libc_nano.a(lib_a-strlen.o)
                0x00000000080001c8                strlen
 *(.text*)
 .text.LL_GPIO_SetPinMode
                0x00000000080001d8       0x5a Drivers/STM32F3xx_HAL_Driver/Src/stm32f3xx_ll_gpio.o
 .text.LL_GPIO_SetPinOutputType
                0x0000000008000232       0x30 Drivers/STM32F3xx_HAL_Driver/Src/stm32f3xx_ll_gpio.o
 .text.LL_GPIO_SetPinSpeed
                0x0000000008000262       0x5a Drivers/STM32F3xx_HAL_Driver/Src/stm32f3xx_ll_gpio.o
 .text.LL_GPIO_SetPinPull
                0x00000000080002bc       0x5a Drivers/STM32F3xx_HAL_Driver/Src/stm32f3xx_ll_gpio.o
 .text.LL_GPIO_SetAFPin_0_7
                0x0000000008000316       0x5a Drivers/STM32F3xx_HAL_Driver/Src/stm32f3xx_ll_gpio.o
 .text.LL_GPIO_SetAFPin_8_15
                0x0000000008000370       0x5e Drivers/STM32F3xx_HAL_Driver/Src/stm32f3xx_ll_gpio.o
 .text.LL_GPIO_Init
                0x00000000080003ce       0xf4 Drivers/STM32F3xx_HAL_Driver/Src/stm32f3xx_ll_gpio.o
                0x00000000080003ce                LL_GPIO_Init
 .text.LL_TIM_SetPrescaler
                0x00000000080004c2       0x1c Drivers/STM32F3xx_HAL_Driver/Src/stm32f3xx_ll_tim.o
 .text.LL_TIM_SetAutoReload
                0x00000000080004de       0x1c Drivers/STM32F3xx_HAL_Driver/Src/stm32f3xx_ll_tim.o
 .text.LL_TIM_SetRepetitionCounter
                0x00000000080004fa       0x1c Drivers/STM32F3xx_HAL_Driver/Src/stm32f3xx_ll_tim.o
 .text.LL_TIM_OC_SetCompareCH1
                0x0000000008000516       0x1c Drivers/STM32F3xx_HAL_Driver/Src/stm32f3xx_ll_tim.o
 .text.LL_TIM_OC_SetCompareCH2
                0x0000000008000532       0x1c Drivers/STM32F3xx_HAL_Driver/Src/stm32f3xx_ll_tim.o
 .text.LL_TIM_OC_SetCompareCH3
                0x000000000800054e       0x1c Drivers/STM32F3xx_HAL_Driver/Src/stm32f3xx_ll_tim.o
 .text.LL_TIM_OC_SetCompareCH4
                0x000000000800056a       0x1c Drivers/STM32F3xx_HAL_Driver/Src/stm32f3xx_ll_tim.o
 .text.LL_TIM_OC_SetCompareCH5
                0x0000000008000586       0x1c Drivers/STM32F3xx_HAL_Driver/Src/stm32f3xx_ll_tim.o
 .text.LL_TIM_OC_SetCompareCH6
                0x00000000080005a2       0x1c Drivers/STM32F3xx_HAL_Driver/Src/stm32f3xx_ll_tim.o
 .text.LL_TIM_GenerateEvent_UPDATE
                0x00000000080005be       0x20 Drivers/STM32F3xx_HAL_Driver/Src/stm32f3xx_ll_tim.o
 *fill*         0x00000000080005de        0x2 
 .text.LL_TIM_Init
                0x00000000080005e0       0xe8 Drivers/STM32F3xx_HAL_Driver/Src/stm32f3xx_ll_tim.o
                0x00000000080005e0                LL_TIM_Init
 .text.LL_TIM_OC_Init
                0x00000000080006c8       0x9a Drivers/STM32F3xx_HAL_Driver/Src/stm32f3xx_ll_tim.o
                0x00000000080006c8                LL_TIM_OC_Init
 *fill*         0x0000000008000762        0x2 
 .text.OC1Config
                0x0000000008000764      0x100 Drivers/STM32F3xx_HAL_Driver/Src/stm32f3xx_ll_tim.o
 .text.OC2Config
                0x0000000008000864      0x108 Drivers/STM32F3xx_HAL_Driver/Src/stm32f3xx_ll_tim.o
 .text.OC3Config
                0x000000000800096c      0x108 Drivers/STM32F3xx_HAL_Driver/Src/stm32f3xx_ll_tim.o
 .text.OC4Config
                0x0000000008000a74       0xd8 Drivers/STM32F3xx_HAL_Driver/Src/stm32f3xx_ll_tim.o
 .text.OC5Config
                0x0000000008000b4c       0xc4 Drivers/STM32F3xx_HAL_Driver/Src/stm32f3xx_ll_tim.o
 .text.OC6Config
                0x0000000008000c10       0xc4 Drivers/STM32F3xx_HAL_Driver/Src/stm32f3xx_ll_tim.o
 .text.LL_InitTick
                0x0000000008000cd4       0x34 Drivers/STM32F3xx_HAL_Driver/Src/stm32f3xx_ll_utils.o
 .text.LL_Init1msTick
                0x0000000008000d08       0x1a Drivers/STM32F3xx_HAL_Driver/Src/stm32f3xx_ll_utils.o
                0x0000000008000d08                LL_Init1msTick
 *fill*         0x0000000008000d22        0x2 
 .text.LL_mDelay
                0x0000000008000d24       0x48 Drivers/STM32F3xx_HAL_Driver/Src/stm32f3xx_ll_utils.o
                0x0000000008000d24                LL_mDelay
 .text.LL_SetSystemCoreClock
                0x0000000008000d6c       0x20 Drivers/STM32F3xx_HAL_Driver/Src/stm32f3xx_ll_utils.o
                0x0000000008000d6c                LL_SetSystemCoreClock
 .text.LL_TIM_ClearFlag_UPDATE
                0x0000000008000d8c       0x1c Src/display.o
 .text.LL_TIM_IsActiveFlag_UPDATE
                0x0000000008000da8       0x26 Src/display.o
 .text.LL_GPIO_SetOutputPin
                0x0000000008000dce       0x1c Src/display.o
 .text.LL_GPIO_ResetOutputPin
                0x0000000008000dea       0x1c Src/display.o
 *fill*         0x0000000008000e06        0x2 
 .text.resetSegments
                0x0000000008000e08       0x5c Src/display.o
                0x0000000008000e08                resetSegments
 .text.setSegments
                0x0000000008000e64       0x5c Src/display.o
                0x0000000008000e64                setSegments
 .text.resetDigits
                0x0000000008000ec0       0x3a Src/display.o
                0x0000000008000ec0                resetDigits
 .text.setDigits
                0x0000000008000efa       0x3a Src/display.o
                0x0000000008000efa                setDigits
 .text.setOne   0x0000000008000f34       0x1e Src/display.o
                0x0000000008000f34                setOne
 *fill*         0x0000000008000f52        0x2 
 .text.setTwo   0x0000000008000f54       0x3c Src/display.o
                0x0000000008000f54                setTwo
 .text.setThree
                0x0000000008000f90       0x3c Src/display.o
                0x0000000008000f90                setThree
 .text.setFour  0x0000000008000fcc       0x34 Src/display.o
                0x0000000008000fcc                setFour
 .text.setFive  0x0000000008001000       0x3c Src/display.o
                0x0000000008001000                setFive
 .text.setSix   0x000000000800103c       0x48 Src/display.o
                0x000000000800103c                setSix
 .text.setSeven
                0x0000000008001084       0x28 Src/display.o
                0x0000000008001084                setSeven
 .text.setEight
                0x00000000080010ac       0x54 Src/display.o
                0x00000000080010ac                setEight
 .text.setNine  0x0000000008001100       0x40 Src/display.o
                0x0000000008001100                setNine
 .text.setZero  0x0000000008001140       0x4c Src/display.o
                0x0000000008001140                setZero
 .text.setA     0x000000000800118c       0x4c Src/display.o
                0x000000000800118c                setA
 .text.setB     0x00000000080011d8       0x40 Src/display.o
                0x00000000080011d8                setB
 .text.setC     0x0000000008001218       0x34 Src/display.o
                0x0000000008001218                setC
 .text.setD     0x000000000800124c       0x40 Src/display.o
                0x000000000800124c                setD
 .text.setE     0x000000000800128c       0x3c Src/display.o
                0x000000000800128c                setE
 .text.setF     0x00000000080012c8       0x34 Src/display.o
                0x00000000080012c8                setF
 .text.setG     0x00000000080012fc       0x40 Src/display.o
                0x00000000080012fc                setG
 .text.setH     0x000000000800133c       0x40 Src/display.o
                0x000000000800133c                setH
 .text.setI     0x000000000800137c       0x1e Src/display.o
                0x000000000800137c                setI
 *fill*         0x000000000800139a        0x2 
 .text.setJ     0x000000000800139c       0x38 Src/display.o
                0x000000000800139c                setJ
 .text.setK     0x00000000080013d4       0x40 Src/display.o
                0x00000000080013d4                setK
 .text.setL     0x0000000008001414       0x2c Src/display.o
                0x0000000008001414                setL
 .text.setM     0x0000000008001440       0x34 Src/display.o
                0x0000000008001440                setM
 .text.setN     0x0000000008001474       0x2c Src/display.o
                0x0000000008001474                setN
 .text.setO     0x00000000080014a0       0x4c Src/display.o
                0x00000000080014a0                setO
 .text.setP     0x00000000080014ec       0x40 Src/display.o
                0x00000000080014ec                setP
 .text.setR     0x000000000800152c       0x20 Src/display.o
                0x000000000800152c                setR
 .text.setS     0x000000000800154c       0x3c Src/display.o
                0x000000000800154c                setS
 .text.setT     0x0000000008001588       0x34 Src/display.o
                0x0000000008001588                setT
 .text.setU     0x00000000080015bc       0x40 Src/display.o
                0x00000000080015bc                setU
 .text.setV     0x00000000080015fc       0x28 Src/display.o
                0x00000000080015fc                setV
 .text.setX     0x0000000008001624       0x28 Src/display.o
                0x0000000008001624                setX
 .text.setY     0x000000000800164c       0x3c Src/display.o
                0x000000000800164c                setY
 .text.setZ     0x0000000008001688       0x3c Src/display.o
                0x0000000008001688                setZ
 .text.podjebnik
                0x00000000080016c4       0x14 Src/display.o
                0x00000000080016c4                podjebnik
 .text.displayNumber
                0x00000000080016d8       0x3c Src/display.o
                0x00000000080016d8                displayNumber
 .text.setDigit
                0x0000000008001714       0x60 Src/display.o
                0x0000000008001714                setDigit
 .text.updateDisplay
                0x0000000008001774      0x2ec Src/display.o
                0x0000000008001774                updateDisplay
 .text.TIM3_IRQHandler
                0x0000000008001a60       0x24 Src/display.o
                0x0000000008001a60                TIM3_IRQHandler
 .text.LL_AHB1_GRP1_EnableClock
                0x0000000008001a84       0x30 Src/gpio.o
 .text.LL_GPIO_ResetOutputPin
                0x0000000008001ab4       0x1c Src/gpio.o
 .text.MX_GPIO_Init
                0x0000000008001ad0       0x88 Src/gpio.o
                0x0000000008001ad0                MX_GPIO_Init
 .text.NVIC_SetPriorityGrouping
                0x0000000008001b58       0x48 Src/main.o
 .text.LL_RCC_HSI_Enable
                0x0000000008001ba0       0x20 Src/main.o
 .text.LL_RCC_HSI_IsReady
                0x0000000008001bc0       0x24 Src/main.o
 .text.LL_RCC_HSI_SetCalibTrimming
                0x0000000008001be4       0x2c Src/main.o
 .text.LL_RCC_SetSysClkSource
                0x0000000008001c10       0x28 Src/main.o
 .text.LL_RCC_GetSysClkSource
                0x0000000008001c38       0x1c Src/main.o
 .text.LL_RCC_SetAHBPrescaler
                0x0000000008001c54       0x28 Src/main.o
 .text.LL_RCC_SetAPB1Prescaler
                0x0000000008001c7c       0x28 Src/main.o
 .text.LL_RCC_SetAPB2Prescaler
                0x0000000008001ca4       0x28 Src/main.o
 .text.LL_APB1_GRP1_EnableClock
                0x0000000008001ccc       0x30 Src/main.o
 .text.LL_APB2_GRP1_EnableClock
                0x0000000008001cfc       0x30 Src/main.o
 .text.LL_FLASH_SetLatency
                0x0000000008001d2c       0x28 Src/main.o
 .text.LL_FLASH_GetLatency
                0x0000000008001d54       0x1c Src/main.o
 .text.LL_SYSTICK_SetClkSource
                0x0000000008001d70       0x38 Src/main.o
 .text.LL_SYSTICK_EnableIT
                0x0000000008001da8       0x20 Src/main.o
 .text.main     0x0000000008001dc8       0xa8 Src/main.o
                0x0000000008001dc8                main
 .text.posuvanie
                0x0000000008001e70       0x48 Src/main.o
                0x0000000008001e70                posuvanie
 .text.SystemClock_Config
                0x0000000008001eb8       0x70 Src/main.o
                0x0000000008001eb8                SystemClock_Config
 .text.Error_Handler
                0x0000000008001f28        0xe Src/main.o
                0x0000000008001f28                Error_Handler
 .text.NMI_Handler
                0x0000000008001f36        0xe Src/stm32f3xx_it.o
                0x0000000008001f36                NMI_Handler
 .text.HardFault_Handler
                0x0000000008001f44        0x6 Src/stm32f3xx_it.o
                0x0000000008001f44                HardFault_Handler
 .text.MemManage_Handler
                0x0000000008001f4a        0x6 Src/stm32f3xx_it.o
                0x0000000008001f4a                MemManage_Handler
 .text.BusFault_Handler
                0x0000000008001f50        0x6 Src/stm32f3xx_it.o
                0x0000000008001f50                BusFault_Handler
 .text.UsageFault_Handler
                0x0000000008001f56        0x6 Src/stm32f3xx_it.o
                0x0000000008001f56                UsageFault_Handler
 .text.SVC_Handler
                0x0000000008001f5c        0xe Src/stm32f3xx_it.o
                0x0000000008001f5c                SVC_Handler
 .text.DebugMon_Handler
                0x0000000008001f6a        0xe Src/stm32f3xx_it.o
                0x0000000008001f6a                DebugMon_Handler
 .text.PendSV_Handler
                0x0000000008001f78        0xe Src/stm32f3xx_it.o
                0x0000000008001f78                PendSV_Handler
 *fill*         0x0000000008001f86        0x2 
 .text.SysTick_Handler
                0x0000000008001f88       0x24 Src/stm32f3xx_it.o
                0x0000000008001f88                SysTick_Handler
 .text.SystemInit
                0x0000000008001fac       0x94 Src/system_stm32f3xx.o
                0x0000000008001fac                SystemInit
 .text.NVIC_GetPriorityGrouping
                0x0000000008002040       0x1c Src/tim.o
 .text.NVIC_EnableIRQ
                0x000000000800205c       0x34 Src/tim.o
 .text.NVIC_SetPriority
                0x0000000008002090       0x54 Src/tim.o
 .text.NVIC_EncodePriority
                0x00000000080020e4       0x66 Src/tim.o
 *fill*         0x000000000800214a        0x2 
 .text.LL_APB1_GRP1_EnableClock
                0x000000000800214c       0x30 Src/tim.o
 .text.LL_TIM_EnableCounter
                0x000000000800217c       0x20 Src/tim.o
 .text.LL_TIM_EnableARRPreload
                0x000000000800219c       0x20 Src/tim.o
 .text.LL_TIM_OC_DisableFast
                0x00000000080021bc       0x9c Src/tim.o
 .text.LL_TIM_SetClockSource
                0x0000000008002258       0x2a Src/tim.o
 .text.LL_TIM_SetTriggerOutput
                0x0000000008002282       0x26 Src/tim.o
 .text.LL_TIM_DisableMasterSlaveMode
                0x00000000080022a8       0x20 Src/tim.o
 .text.LL_TIM_EnableIT_UPDATE
                0x00000000080022c8       0x20 Src/tim.o
 .text.MX_TIM3_Init
                0x00000000080022e8       0xc4 Src/tim.o
                0x00000000080022e8                MX_TIM3_Init
 .text.Reset_Handler
                0x00000000080023ac       0x50 Startup/startup_stm32f303k8tx.o
                0x00000000080023ac                Reset_Handler
 .text.Default_Handler
                0x00000000080023fc        0x2 Startup/startup_stm32f303k8tx.o
                0x00000000080023fc                RTC_Alarm_IRQHandler
                0x00000000080023fc                TIM1_CC_IRQHandler
                0x00000000080023fc                PVD_IRQHandler
                0x00000000080023fc                TAMP_STAMP_IRQHandler
                0x00000000080023fc                EXTI3_IRQHandler
                0x00000000080023fc                EXTI0_IRQHandler
                0x00000000080023fc                FPU_IRQHandler
                0x00000000080023fc                CAN_TX_IRQHandler
                0x00000000080023fc                TIM1_UP_TIM16_IRQHandler
                0x00000000080023fc                ADC1_2_IRQHandler
                0x00000000080023fc                SPI1_IRQHandler
                0x00000000080023fc                CAN_SCE_IRQHandler
                0x00000000080023fc                DMA1_Channel4_IRQHandler
                0x00000000080023fc                USART3_IRQHandler
                0x00000000080023fc                DMA1_Channel7_IRQHandler
                0x00000000080023fc                TIM7_DAC2_IRQHandler
                0x00000000080023fc                CAN_RX1_IRQHandler
                0x00000000080023fc                I2C1_EV_IRQHandler
                0x00000000080023fc                DMA1_Channel6_IRQHandler
                0x00000000080023fc                RCC_IRQHandler
                0x00000000080023fc                DMA1_Channel1_IRQHandler
                0x00000000080023fc                Default_Handler
                0x00000000080023fc                EXTI15_10_IRQHandler
                0x00000000080023fc                COMP2_IRQHandler
                0x00000000080023fc                TIM6_DAC1_IRQHandler
                0x00000000080023fc                EXTI9_5_IRQHandler
                0x00000000080023fc                RTC_WKUP_IRQHandler
                0x00000000080023fc                DMA1_Channel5_IRQHandler
                0x00000000080023fc                EXTI4_IRQHandler
                0x00000000080023fc                TIM1_TRG_COM_TIM17_IRQHandler
                0x00000000080023fc                DMA1_Channel3_IRQHandler
                0x00000000080023fc                WWDG_IRQHandler
                0x00000000080023fc                TIM2_IRQHandler
                0x00000000080023fc                EXTI1_IRQHandler
                0x00000000080023fc                COMP4_6_IRQHandler
                0x00000000080023fc                USART2_IRQHandler
                0x00000000080023fc                DMA1_Channel2_IRQHandler
                0x00000000080023fc                FLASH_IRQHandler
                0x00000000080023fc                USART1_IRQHandler
                0x00000000080023fc                CAN_RX0_IRQHandler
                0x00000000080023fc                I2C1_ER_IRQHandler
                0x00000000080023fc                EXTI2_TSC_IRQHandler
                0x00000000080023fc                TIM1_BRK_TIM15_IRQHandler
 *fill*         0x00000000080023fe        0x2 
 .text.__libc_init_array
                0x0000000008002400       0x48 d:/stm/stm32cubeide_1.4.0/stm32cubeide/plugins/com.st.stm32cube.ide.mcu.externaltools.gnu-tools-for-stm32.7-2018-q2-update.win32_1.4.0.202007081208/tools/bin/../lib/gcc/arm-none-eabi/7.3.1/../../../../arm-none-eabi/lib/thumb/v7e-m/fpv4-sp/hard\libc_nano.a(lib_a-init.o)
                0x0000000008002400                __libc_init_array
 .text.memset   0x0000000008002448       0x10 d:/stm/stm32cubeide_1.4.0/stm32cubeide/plugins/com.st.stm32cube.ide.mcu.externaltools.gnu-tools-for-stm32.7-2018-q2-update.win32_1.4.0.202007081208/tools/bin/../lib/gcc/arm-none-eabi/7.3.1/../../../../arm-none-eabi/lib/thumb/v7e-m/fpv4-sp/hard\libc_nano.a(lib_a-memset.o)
                0x0000000008002448                memset
 *(.glue_7)
 .glue_7        0x0000000008002458        0x0 linker stubs
 *(.glue_7t)
 .glue_7t       0x0000000008002458        0x0 linker stubs
 *(.eh_frame)
 .eh_frame      0x0000000008002458        0x0 d:/stm/stm32cubeide_1.4.0/stm32cubeide/plugins/com.st.stm32cube.ide.mcu.externaltools.gnu-tools-for-stm32.7-2018-q2-update.win32_1.4.0.202007081208/tools/bin/../lib/gcc/arm-none-eabi/7.3.1/thumb/v7e-m/fpv4-sp/hard/crtbegin.o
 *(.init)
 .init          0x0000000008002458        0x4 d:/stm/stm32cubeide_1.4.0/stm32cubeide/plugins/com.st.stm32cube.ide.mcu.externaltools.gnu-tools-for-stm32.7-2018-q2-update.win32_1.4.0.202007081208/tools/bin/../lib/gcc/arm-none-eabi/7.3.1/thumb/v7e-m/fpv4-sp/hard/crti.o
                0x0000000008002458                _init
 .init          0x000000000800245c        0x8 d:/stm/stm32cubeide_1.4.0/stm32cubeide/plugins/com.st.stm32cube.ide.mcu.externaltools.gnu-tools-for-stm32.7-2018-q2-update.win32_1.4.0.202007081208/tools/bin/../lib/gcc/arm-none-eabi/7.3.1/thumb/v7e-m/fpv4-sp/hard/crtn.o
 *(.fini)
 .fini          0x0000000008002464        0x4 d:/stm/stm32cubeide_1.4.0/stm32cubeide/plugins/com.st.stm32cube.ide.mcu.externaltools.gnu-tools-for-stm32.7-2018-q2-update.win32_1.4.0.202007081208/tools/bin/../lib/gcc/arm-none-eabi/7.3.1/thumb/v7e-m/fpv4-sp/hard/crti.o
                0x0000000008002464                _fini
 .fini          0x0000000008002468        0x8 d:/stm/stm32cubeide_1.4.0/stm32cubeide/plugins/com.st.stm32cube.ide.mcu.externaltools.gnu-tools-for-stm32.7-2018-q2-update.win32_1.4.0.202007081208/tools/bin/../lib/gcc/arm-none-eabi/7.3.1/thumb/v7e-m/fpv4-sp/hard/crtn.o
                0x0000000008002470                . = ALIGN (0x4)
                0x0000000008002470                _etext = .

.vfp11_veneer   0x0000000008002470        0x0
 .vfp11_veneer  0x0000000008002470        0x0 linker stubs

.v4_bx          0x0000000008002470        0x0
 .v4_bx         0x0000000008002470        0x0 linker stubs

.iplt           0x0000000008002470        0x0
 .iplt          0x0000000008002470        0x0 d:/stm/stm32cubeide_1.4.0/stm32cubeide/plugins/com.st.stm32cube.ide.mcu.externaltools.gnu-tools-for-stm32.7-2018-q2-update.win32_1.4.0.202007081208/tools/bin/../lib/gcc/arm-none-eabi/7.3.1/thumb/v7e-m/fpv4-sp/hard/crtbegin.o

.rodata         0x0000000008002470       0x18
                0x0000000008002470                . = ALIGN (0x4)
 *(.rodata)
 *(.rodata*)
 .rodata.OFFSET_TAB_CCMRx
                0x0000000008002470        0x9 Src/tim.o
 *fill*         0x0000000008002479        0x3 
 .rodata.SHIFT_TAB_OCxx
                0x000000000800247c        0x9 Src/tim.o
                0x0000000008002488                . = ALIGN (0x4)
 *fill*         0x0000000008002485        0x3 

.rel.dyn        0x0000000008002488        0x0
 .rel.iplt      0x0000000008002488        0x0 d:/stm/stm32cubeide_1.4.0/stm32cubeide/plugins/com.st.stm32cube.ide.mcu.externaltools.gnu-tools-for-stm32.7-2018-q2-update.win32_1.4.0.202007081208/tools/bin/../lib/gcc/arm-none-eabi/7.3.1/thumb/v7e-m/fpv4-sp/hard/crtbegin.o

.ARM.extab      0x0000000008002488        0x0
                0x0000000008002488                . = ALIGN (0x4)
 *(.ARM.extab* .gnu.linkonce.armextab.*)
                0x0000000008002488                . = ALIGN (0x4)

.ARM            0x0000000008002488        0x0
                0x0000000008002488                . = ALIGN (0x4)
                0x0000000008002488                __exidx_start = .
 *(.ARM.exidx*)
                0x0000000008002488                __exidx_end = .
                0x0000000008002488                . = ALIGN (0x4)

.preinit_array  0x0000000008002488        0x0
                0x0000000008002488                . = ALIGN (0x4)
                0x0000000008002488                PROVIDE (__preinit_array_start = .)
 *(.preinit_array*)
                0x0000000008002488                PROVIDE (__preinit_array_end = .)
                0x0000000008002488                . = ALIGN (0x4)

.init_array     0x0000000008002488        0x4
                0x0000000008002488                . = ALIGN (0x4)
                0x0000000008002488                PROVIDE (__init_array_start = .)
 *(SORT_BY_NAME(.init_array.*))
 *(.init_array*)
 .init_array    0x0000000008002488        0x4 d:/stm/stm32cubeide_1.4.0/stm32cubeide/plugins/com.st.stm32cube.ide.mcu.externaltools.gnu-tools-for-stm32.7-2018-q2-update.win32_1.4.0.202007081208/tools/bin/../lib/gcc/arm-none-eabi/7.3.1/thumb/v7e-m/fpv4-sp/hard/crtbegin.o
                0x000000000800248c                PROVIDE (__init_array_end = .)
                0x000000000800248c                . = ALIGN (0x4)

.fini_array     0x000000000800248c        0x4
                0x000000000800248c                . = ALIGN (0x4)
                [!provide]                        PROVIDE (__fini_array_start = .)
 *(SORT_BY_NAME(.fini_array.*))
 *(.fini_array*)
 .fini_array    0x000000000800248c        0x4 d:/stm/stm32cubeide_1.4.0/stm32cubeide/plugins/com.st.stm32cube.ide.mcu.externaltools.gnu-tools-for-stm32.7-2018-q2-update.win32_1.4.0.202007081208/tools/bin/../lib/gcc/arm-none-eabi/7.3.1/thumb/v7e-m/fpv4-sp/hard/crtbegin.o
                [!provide]                        PROVIDE (__fini_array_end = .)
                0x0000000008002490                . = ALIGN (0x4)
                0x0000000008002490                _sidata = LOADADDR (.data)

.data           0x0000000020000000       0x1c load address 0x0000000008002490
                0x0000000020000000                . = ALIGN (0x4)
                0x0000000020000000                _sdata = .
 *(.data)
 *(.data*)
 .data.smer     0x0000000020000000        0x4 Src/main.o
                0x0000000020000000                smer
 .data.c2       0x0000000020000004       0x12 Src/main.o
                0x0000000020000004                c2
 *fill*         0x0000000020000016        0x2 
 .data.SystemCoreClock
                0x0000000020000018        0x4 Src/system_stm32f3xx.o
                0x0000000020000018                SystemCoreClock
                0x000000002000001c                . = ALIGN (0x4)
                0x000000002000001c                _edata = .

.igot.plt       0x000000002000001c        0x0 load address 0x00000000080024ac
 .igot.plt      0x000000002000001c        0x0 d:/stm/stm32cubeide_1.4.0/stm32cubeide/plugins/com.st.stm32cube.ide.mcu.externaltools.gnu-tools-for-stm32.7-2018-q2-update.win32_1.4.0.202007081208/tools/bin/../lib/gcc/arm-none-eabi/7.3.1/thumb/v7e-m/fpv4-sp/hard/crtbegin.o
                0x000000002000001c                . = ALIGN (0x4)

.bss            0x0000000020000020       0x44 load address 0x00000000080024ac
                0x0000000020000020                _sbss = .
                0x0000000020000020                __bss_start__ = _sbss
 *(.bss)
 .bss           0x0000000020000020       0x1c d:/stm/stm32cubeide_1.4.0/stm32cubeide/plugins/com.st.stm32cube.ide.mcu.externaltools.gnu-tools-for-stm32.7-2018-q2-update.win32_1.4.0.202007081208/tools/bin/../lib/gcc/arm-none-eabi/7.3.1/thumb/v7e-m/fpv4-sp/hard/crtbegin.o
 *(.bss*)
 .bss.dDisplayData
                0x000000002000003c        0x7 Src/display.o
                0x000000002000003c                dDisplayData
 *fill*         0x0000000020000043        0x5 
 .bss.disp_time
                0x0000000020000048        0x8 Src/display.o
                0x0000000020000048                disp_time
 *(COMMON)
 COMMON         0x0000000020000050       0x14 Src/main.o
                0x0000000020000050                akt
                0x0000000020000058                saved_time
                0x0000000020000060                pom
                0x0000000020000064                . = ALIGN (0x4)
                0x0000000020000064                _ebss = .
                0x0000000020000064                __bss_end__ = _ebss

._user_heap_stack
                0x0000000020000064      0x604 load address 0x00000000080024ac
                0x0000000020000068                . = ALIGN (0x8)
 *fill*         0x0000000020000064        0x4 
                0x0000000020000068                PROVIDE (end = .)
                [!provide]                        PROVIDE (_end = .)
                0x0000000020000268                . = (. + _Min_Heap_Size)
 *fill*         0x0000000020000068      0x200 
                0x0000000020000668                . = (. + _Min_Stack_Size)
 *fill*         0x0000000020000268      0x400 
                0x0000000020000668                . = ALIGN (0x8)

/DISCARD/
 libc.a(*)
 libm.a(*)
 libgcc.a(*)

.ARM.attributes
                0x0000000000000000       0x30
 *(.ARM.attributes)
 .ARM.attributes
                0x0000000000000000       0x22 d:/stm/stm32cubeide_1.4.0/stm32cubeide/plugins/com.st.stm32cube.ide.mcu.externaltools.gnu-tools-for-stm32.7-2018-q2-update.win32_1.4.0.202007081208/tools/bin/../lib/gcc/arm-none-eabi/7.3.1/thumb/v7e-m/fpv4-sp/hard/crti.o
 .ARM.attributes
                0x0000000000000022       0x34 d:/stm/stm32cubeide_1.4.0/stm32cubeide/plugins/com.st.stm32cube.ide.mcu.externaltools.gnu-tools-for-stm32.7-2018-q2-update.win32_1.4.0.202007081208/tools/bin/../lib/gcc/arm-none-eabi/7.3.1/thumb/v7e-m/fpv4-sp/hard/crtbegin.o
 .ARM.attributes
                0x0000000000000056       0x39 Drivers/STM32F3xx_HAL_Driver/Src/stm32f3xx_ll_gpio.o
 .ARM.attributes
                0x000000000000008f       0x39 Drivers/STM32F3xx_HAL_Driver/Src/stm32f3xx_ll_tim.o
 .ARM.attributes
                0x00000000000000c8       0x39 Drivers/STM32F3xx_HAL_Driver/Src/stm32f3xx_ll_utils.o
 .ARM.attributes
                0x0000000000000101       0x39 Src/display.o
 .ARM.attributes
                0x000000000000013a       0x39 Src/gpio.o
 .ARM.attributes
                0x0000000000000173       0x39 Src/main.o
 .ARM.attributes
                0x00000000000001ac       0x39 Src/stm32f3xx_it.o
 .ARM.attributes
                0x00000000000001e5       0x39 Src/system_stm32f3xx.o
 .ARM.attributes
                0x000000000000021e       0x39 Src/tim.o
 .ARM.attributes
                0x0000000000000257       0x21 Startup/startup_stm32f303k8tx.o
 .ARM.attributes
                0x0000000000000278       0x34 d:/stm/stm32cubeide_1.4.0/stm32cubeide/plugins/com.st.stm32cube.ide.mcu.externaltools.gnu-tools-for-stm32.7-2018-q2-update.win32_1.4.0.202007081208/tools/bin/../lib/gcc/arm-none-eabi/7.3.1/../../../../arm-none-eabi/lib/thumb/v7e-m/fpv4-sp/hard\libc_nano.a(lib_a-init.o)
 .ARM.attributes
                0x00000000000002ac       0x34 d:/stm/stm32cubeide_1.4.0/stm32cubeide/plugins/com.st.stm32cube.ide.mcu.externaltools.gnu-tools-for-stm32.7-2018-q2-update.win32_1.4.0.202007081208/tools/bin/../lib/gcc/arm-none-eabi/7.3.1/../../../../arm-none-eabi/lib/thumb/v7e-m/fpv4-sp/hard\libc_nano.a(lib_a-memset.o)
 .ARM.attributes
                0x00000000000002e0       0x1b d:/stm/stm32cubeide_1.4.0/stm32cubeide/plugins/com.st.stm32cube.ide.mcu.externaltools.gnu-tools-for-stm32.7-2018-q2-update.win32_1.4.0.202007081208/tools/bin/../lib/gcc/arm-none-eabi/7.3.1/../../../../arm-none-eabi/lib/thumb/v7e-m/fpv4-sp/hard\libc_nano.a(lib_a-strlen.o)
 .ARM.attributes
                0x00000000000002fb       0x22 d:/stm/stm32cubeide_1.4.0/stm32cubeide/plugins/com.st.stm32cube.ide.mcu.externaltools.gnu-tools-for-stm32.7-2018-q2-update.win32_1.4.0.202007081208/tools/bin/../lib/gcc/arm-none-eabi/7.3.1/thumb/v7e-m/fpv4-sp/hard/crtn.o
OUTPUT(segment_display.elf elf32-littlearm)

.debug_info     0x0000000000000000     0x5623
 .debug_info    0x0000000000000000      0x7e2 Drivers/STM32F3xx_HAL_Driver/Src/stm32f3xx_ll_gpio.o
 .debug_info    0x00000000000007e2      0xf9f Drivers/STM32F3xx_HAL_Driver/Src/stm32f3xx_ll_tim.o
 .debug_info    0x0000000000001781      0x818 Drivers/STM32F3xx_HAL_Driver/Src/stm32f3xx_ll_utils.o
 .debug_info    0x0000000000001f99     0x1071 Src/display.o
 .debug_info    0x000000000000300a      0x3ff Src/gpio.o
 .debug_info    0x0000000000003409     0x103f Src/main.o
 .debug_info    0x0000000000004448      0x25d Src/stm32f3xx_it.o
 .debug_info    0x00000000000046a5      0x400 Src/system_stm32f3xx.o
 .debug_info    0x0000000000004aa5      0xb5c Src/tim.o
 .debug_info    0x0000000000005601       0x22 Startup/startup_stm32f303k8tx.o

.debug_abbrev   0x0000000000000000     0x1062
 .debug_abbrev  0x0000000000000000      0x212 Drivers/STM32F3xx_HAL_Driver/Src/stm32f3xx_ll_gpio.o
 .debug_abbrev  0x0000000000000212      0x1ff Drivers/STM32F3xx_HAL_Driver/Src/stm32f3xx_ll_tim.o
 .debug_abbrev  0x0000000000000411      0x266 Drivers/STM32F3xx_HAL_Driver/Src/stm32f3xx_ll_utils.o
 .debug_abbrev  0x0000000000000677      0x272 Src/display.o
 .debug_abbrev  0x00000000000008e9      0x15d Src/gpio.o
 .debug_abbrev  0x0000000000000a46      0x295 Src/main.o
 .debug_abbrev  0x0000000000000cdb       0xa3 Src/stm32f3xx_it.o
 .debug_abbrev  0x0000000000000d7e      0x111 Src/system_stm32f3xx.o
 .debug_abbrev  0x0000000000000e8f      0x1c1 Src/tim.o
 .debug_abbrev  0x0000000000001050       0x12 Startup/startup_stm32f303k8tx.o

.debug_aranges  0x0000000000000000      0x650
 .debug_aranges
                0x0000000000000000       0x70 Drivers/STM32F3xx_HAL_Driver/Src/stm32f3xx_ll_gpio.o
 .debug_aranges
                0x0000000000000070      0x148 Drivers/STM32F3xx_HAL_Driver/Src/stm32f3xx_ll_tim.o
 .debug_aranges
                0x00000000000001b8       0xf0 Drivers/STM32F3xx_HAL_Driver/Src/stm32f3xx_ll_utils.o
 .debug_aranges
                0x00000000000002a8      0x198 Src/display.o
 .debug_aranges
                0x0000000000000440       0x30 Src/gpio.o
 .debug_aranges
                0x0000000000000470       0xb0 Src/main.o
 .debug_aranges
                0x0000000000000520       0x60 Src/stm32f3xx_it.o
 .debug_aranges
                0x0000000000000580       0x28 Src/system_stm32f3xx.o
 .debug_aranges
                0x00000000000005a8       0x80 Src/tim.o
 .debug_aranges
                0x0000000000000628       0x28 Startup/startup_stm32f303k8tx.o

.debug_ranges   0x0000000000000000      0x5b8
 .debug_ranges  0x0000000000000000       0x60 Drivers/STM32F3xx_HAL_Driver/Src/stm32f3xx_ll_gpio.o
 .debug_ranges  0x0000000000000060      0x138 Drivers/STM32F3xx_HAL_Driver/Src/stm32f3xx_ll_tim.o
 .debug_ranges  0x0000000000000198       0xe0 Drivers/STM32F3xx_HAL_Driver/Src/stm32f3xx_ll_utils.o
 .debug_ranges  0x0000000000000278      0x188 Src/display.o
 .debug_ranges  0x0000000000000400       0x20 Src/gpio.o
 .debug_ranges  0x0000000000000420       0xa0 Src/main.o
 .debug_ranges  0x00000000000004c0       0x50 Src/stm32f3xx_it.o
 .debug_ranges  0x0000000000000510       0x18 Src/system_stm32f3xx.o
 .debug_ranges  0x0000000000000528       0x70 Src/tim.o
 .debug_ranges  0x0000000000000598       0x20 Startup/startup_stm32f303k8tx.o

.debug_macro    0x0000000000000000     0x35b5
 .debug_macro   0x0000000000000000      0x10c Drivers/STM32F3xx_HAL_Driver/Src/stm32f3xx_ll_gpio.o
 .debug_macro   0x000000000000010c      0x149 Drivers/STM32F3xx_HAL_Driver/Src/stm32f3xx_ll_gpio.o
 .debug_macro   0x0000000000000255       0xe5 Drivers/STM32F3xx_HAL_Driver/Src/stm32f3xx_ll_gpio.o
 .debug_macro   0x000000000000033a      0x179 Drivers/STM32F3xx_HAL_Driver/Src/stm32f3xx_ll_tim.o
 .debug_macro   0x00000000000004b3      0x800 Drivers/STM32F3xx_HAL_Driver/Src/stm32f3xx_ll_tim.o
 .debug_macro   0x0000000000000cb3      0x14a Drivers/STM32F3xx_HAL_Driver/Src/stm32f3xx_ll_utils.o
 .debug_macro   0x0000000000000dfd       0x30 Drivers/STM32F3xx_HAL_Driver/Src/stm32f3xx_ll_utils.o
 .debug_macro   0x0000000000000e2d      0x2a5 Drivers/STM32F3xx_HAL_Driver/Src/stm32f3xx_ll_utils.o
 .debug_macro   0x00000000000010d2       0xaf Drivers/STM32F3xx_HAL_Driver/Src/stm32f3xx_ll_utils.o
 .debug_macro   0x0000000000001181      0x2cd Src/display.o
 .debug_macro   0x000000000000144e      0x102 Src/display.o
 .debug_macro   0x0000000000001550       0x28 Src/display.o
 .debug_macro   0x0000000000001578      0x287 Src/display.o
 .debug_macro   0x00000000000017ff      0x806 Src/display.o
 .debug_macro   0x0000000000002005      0x14f Src/display.o
 .debug_macro   0x0000000000002154       0x22 Src/display.o
 .debug_macro   0x0000000000002176       0x46 Src/display.o
 .debug_macro   0x00000000000021bc       0x18 Src/display.o
 .debug_macro   0x00000000000021d4       0x3c Src/display.o
 .debug_macro   0x0000000000002210       0x34 Src/display.o
 .debug_macro   0x0000000000002244       0x16 Src/display.o
 .debug_macro   0x000000000000225a       0x97 Src/display.o
 .debug_macro   0x00000000000022f1      0x330 Src/display.o
 .debug_macro   0x0000000000002621       0xfd Src/display.o
 .debug_macro   0x000000000000271e       0x10 Src/display.o
 .debug_macro   0x000000000000272e       0x52 Src/display.o
 .debug_macro   0x0000000000002780       0x1f Src/display.o
 .debug_macro   0x000000000000279f       0x43 Src/display.o
 .debug_macro   0x00000000000027e2       0x20 Src/display.o
 .debug_macro   0x0000000000002802      0x1a3 Src/display.o
 .debug_macro   0x00000000000029a5       0x10 Src/display.o
 .debug_macro   0x00000000000029b5       0x1c Src/display.o
 .debug_macro   0x00000000000029d1       0x52 Src/display.o
 .debug_macro   0x0000000000002a23       0x40 Src/display.o
 .debug_macro   0x0000000000002a63       0x10 Src/display.o
 .debug_macro   0x0000000000002a73       0x40 Src/display.o
 .debug_macro   0x0000000000002ab3       0xd7 Src/display.o
 .debug_macro   0x0000000000002b8a       0x1c Src/display.o
 .debug_macro   0x0000000000002ba6       0x3d Src/display.o
 .debug_macro   0x0000000000002be3       0x16 Src/display.o
 .debug_macro   0x0000000000002bf9      0x145 Src/display.o
 .debug_macro   0x0000000000002d3e       0x16 Src/display.o
 .debug_macro   0x0000000000002d54       0x35 Src/display.o
 .debug_macro   0x0000000000002d89       0x20 Src/display.o
 .debug_macro   0x0000000000002da9       0x82 Src/display.o
 .debug_macro   0x0000000000002e2b      0x143 Src/gpio.o
 .debug_macro   0x0000000000002f6e      0x2e5 Src/main.o
 .debug_macro   0x0000000000003253      0x143 Src/stm32f3xx_it.o
 .debug_macro   0x0000000000003396       0xdc Src/system_stm32f3xx.o
 .debug_macro   0x0000000000003472      0x143 Src/tim.o

.debug_line     0x0000000000000000     0x44f7
 .debug_line    0x0000000000000000      0x674 Drivers/STM32F3xx_HAL_Driver/Src/stm32f3xx_ll_gpio.o
 .debug_line    0x0000000000000674      0x981 Drivers/STM32F3xx_HAL_Driver/Src/stm32f3xx_ll_tim.o
 .debug_line    0x0000000000000ff5      0x768 Drivers/STM32F3xx_HAL_Driver/Src/stm32f3xx_ll_utils.o
 .debug_line    0x000000000000175d      0xc67 Src/display.o
 .debug_line    0x00000000000023c4      0x5ae Src/gpio.o
 .debug_line    0x0000000000002972      0x957 Src/main.o
 .debug_line    0x00000000000032c9      0x61d Src/stm32f3xx_it.o
 .debug_line    0x00000000000038e6      0x48e Src/system_stm32f3xx.o
 .debug_line    0x0000000000003d74      0x702 Src/tim.o
 .debug_line    0x0000000000004476       0x81 Startup/startup_stm32f303k8tx.o

.debug_str      0x0000000000000000    0x75b83
 .debug_str     0x0000000000000000    0x645a3 Drivers/STM32F3xx_HAL_Driver/Src/stm32f3xx_ll_gpio.o
                                      0x64754 (size before relaxing)
 .debug_str     0x00000000000645a3     0x5cde Drivers/STM32F3xx_HAL_Driver/Src/stm32f3xx_ll_tim.o
                                      0x69670 (size before relaxing)
 .debug_str     0x000000000006a281     0x5087 Drivers/STM32F3xx_HAL_Driver/Src/stm32f3xx_ll_utils.o
                                      0x68436 (size before relaxing)
 .debug_str     0x000000000006f308     0x610a Src/display.o
                                      0x72515 (size before relaxing)
 .debug_str     0x0000000000075412       0x45 Src/gpio.o
                                      0x6dc7c (size before relaxing)
 .debug_str     0x0000000000075457      0x180 Src/main.o
                                      0x7258f (size before relaxing)
 .debug_str     0x00000000000755d7       0xb8 Src/stm32f3xx_it.o
                                      0x6dc12 (size before relaxing)
 .debug_str     0x000000000007568f       0xaa Src/system_stm32f3xx.o
                                      0x63436 (size before relaxing)
 .debug_str     0x0000000000075739      0x419 Src/tim.o
                                      0x6e264 (size before relaxing)
 .debug_str     0x0000000000075b52       0x31 Startup/startup_stm32f303k8tx.o
                                         0x4e (size before relaxing)

.comment        0x0000000000000000       0x7b
 .comment       0x0000000000000000       0x7b Drivers/STM32F3xx_HAL_Driver/Src/stm32f3xx_ll_gpio.o
                                         0x7c (size before relaxing)
 .comment       0x000000000000007b       0x7c Drivers/STM32F3xx_HAL_Driver/Src/stm32f3xx_ll_tim.o
 .comment       0x000000000000007b       0x7c Drivers/STM32F3xx_HAL_Driver/Src/stm32f3xx_ll_utils.o
 .comment       0x000000000000007b       0x7c Src/display.o
 .comment       0x000000000000007b       0x7c Src/gpio.o
 .comment       0x000000000000007b       0x7c Src/main.o
 .comment       0x000000000000007b       0x7c Src/stm32f3xx_it.o
 .comment       0x000000000000007b       0x7c Src/system_stm32f3xx.o
 .comment       0x000000000000007b       0x7c Src/tim.o

.debug_frame    0x0000000000000000     0x1818
 .debug_frame   0x0000000000000000      0x1c0 Drivers/STM32F3xx_HAL_Driver/Src/stm32f3xx_ll_gpio.o
 .debug_frame   0x00000000000001c0      0x5d0 Drivers/STM32F3xx_HAL_Driver/Src/stm32f3xx_ll_tim.o
 .debug_frame   0x0000000000000790      0x3dc Drivers/STM32F3xx_HAL_Driver/Src/stm32f3xx_ll_utils.o
 .debug_frame   0x0000000000000b6c      0x5a0 Src/display.o
 .debug_frame   0x000000000000110c       0x84 Src/gpio.o
 .debug_frame   0x0000000000001190      0x2c0 Src/main.o
 .debug_frame   0x0000000000001450      0x114 Src/stm32f3xx_it.o
 .debug_frame   0x0000000000001564       0x58 Src/system_stm32f3xx.o
 .debug_frame   0x00000000000015bc      0x210 Src/tim.o
 .debug_frame   0x00000000000017cc       0x2c d:/stm/stm32cubeide_1.4.0/stm32cubeide/plugins/com.st.stm32cube.ide.mcu.externaltools.gnu-tools-for-stm32.7-2018-q2-update.win32_1.4.0.202007081208/tools/bin/../lib/gcc/arm-none-eabi/7.3.1/../../../../arm-none-eabi/lib/thumb/v7e-m/fpv4-sp/hard\libc_nano.a(lib_a-init.o)
 .debug_frame   0x00000000000017f8       0x20 d:/stm/stm32cubeide_1.4.0/stm32cubeide/plugins/com.st.stm32cube.ide.mcu.externaltools.gnu-tools-for-stm32.7-2018-q2-update.win32_1.4.0.202007081208/tools/bin/../lib/gcc/arm-none-eabi/7.3.1/../../../../arm-none-eabi/lib/thumb/v7e-m/fpv4-sp/hard\libc_nano.a(lib_a-memset.o)
