stm32f3xx_ll_tim.h:3971:22:LL_TIM_ClearFlag_UPDATE	16	static
stm32f3xx_ll_tim.h:3982:26:LL_TIM_IsActiveFlag_UPDATE	16	static
stm32f3xx_ll_gpio.h:895:22:LL_GPIO_SetOutputPin	16	static
stm32f3xx_ll_gpio.h:924:22:LL_GPIO_ResetOutputPin	16	static
display.c:17:6:resetSegments	8	static
display.c:30:6:setSegments	8	static
display.c:43:6:resetDigits	8	static
display.c:53:6:setDigits	8	static
display.c:62:6:setDecimalPoint	8	static
display.c:68:6:setOne	8	static
display.c:75:6:setTwo	8	static
display.c:85:6:setThree	8	static
display.c:95:6:setFour	8	static
display.c:104:6:setFive	8	static
display.c:114:6:setSix	8	static
display.c:125:6:setSeven	8	static
display.c:133:6:setEight	8	static
display.c:145:6:setNine	8	static
display.c:155:6:setZero	8	static
display.c:165:6:setA	8	static
display.c:175:6:setB	8	static
display.c:185:6:setC	8	static
display.c:195:6:setD	8	static
display.c:205:6:setE	8	static
display.c:215:6:setF	8	static
display.c:225:6:setG	8	static
display.c:235:6:setH	8	static
display.c:244:6:setI	8	static
display.c:253:6:setJ	8	static
display.c:262:6:setK	8	static
display.c:273:6:setL	8	static
display.c:282:6:setM	8	static
display.c:290:6:setN	8	static
display.c:300:6:setO	8	static
display.c:309:6:setP	8	static
display.c:318:6:setR	8	static
display.c:324:6:setS	8	static
display.c:333:6:setT	8	static
display.c:342:6:setU	8	static
display.c:351:6:setV	8	static
display.c:360:6:setX	8	static
display.c:369:6:setY	8	static
display.c:378:6:setZ	8	static
display.c:387:6:podjebnik	8	static
display.c:407:6:displayNumber	24	static
display.c:501:6:setDigit	16	static
display.c:524:6:updateDisplay	16	static
display.c:690:6:TIM3_IRQHandler	8	static
